{'success': True, 'summary': {'average_rate': 77.64, 'stability_factor': 0.9248, 'dow_patterns': {'0': 77.85, '1': 79.27, '2': 80.65, '3': 75.77, '4': 74.41}, 'data_points': 37, 'last_trained': '2026-03-25 16:34:48', 'ml_model_active': True, 'version': '2.0.0 (SLM Engine)', 'logs': [{'timestamp': '16:34:10', 'message': 'Initializing SLM-powered intelligence training sequence...'}, {'timestamp': '16:34:11', 'message': 'Accessing history for 79 personnel.'}, {'timestamp': '16:34:11', 'message': 'Retrieved 56 days of historical weighted vectors.'}, {'timestamp': '16:34:11', 'message': 'Step 1/3: Training OrganizationSTLM...'}, {'timestamp': '16:34:13', 'message': 'STLM Organizational Model trained'}, {'timestamp': '16:34:13', 'message': 'Step 2/3: Training IndividualPredictor...'}, {'timestamp': '16:34:48', 'message': 'Individual RF Model Trained successfully'}, {'timestamp': '16:34:48', 'message': 'Step 3/3: Updating organizational performance metrics...'}]}, 'logs': [{'timestamp': '16:34:10', 'message': 'Initializing SLM-powered intelligence training sequence...'}, {'timestamp': '16:34:11', 'message': 'Accessing history for 79 personnel.'}, {'timestamp': '16:34:11', 'message': 'Retrieved 56 days of historical weighted vectors.'}, {'timestamp': '16:34:11', 'message': 'Step 1/3: Training OrganizationSTLM...'}, {'timestamp': '16:34:13', 'message': 'STLM Organizational Model trained'}, {'timestamp': '16:34:13', 'message': 'Step 2/3: Training IndividualPredictor...'}, {'timestamp': '16:34:48', 'message': 'Individual RF Model Trained successfully'}, {'timestamp': '16:34:48', 'message': 'Step 3/3: Updating organizational performance metrics...'}]}